(node:5) [UNDICI-EHPA] Warning: EnvHttpProxyAgent is experimental, expect them to change at any time.
(Use `node --trace-warnings ...` to show where the warning was created)
TAP version 13
# (node:12) [UNDICI-EHPA] Warning: EnvHttpProxyAgent is experimental, expect them to change at any time.
# (Use `node --trace-warnings ...` to show where the warning was created)
# Subtest: glob-only negative nested baseline and exact real-arm discovery
ok 1 - glob-only negative nested baseline and exact real-arm discovery
  ---
  duration_ms: 233.456461
  type: 'test'
  ...
# Subtest: private cache aliases are rejected without changing Vitest settings
ok 2 - private cache aliases are rejected without changing Vitest settings
  ---
  duration_ms: 169.883248
  type: 'test'
  ...
# Subtest: evidence is incremental and failed/partial records stay distinguishable
ok 3 - evidence is incremental and failed/partial records stay distinguishable
  ---
  duration_ms: 3.446563
  type: 'test'
  ...
# Subtest: Node and Bun focused results cannot overwrite or be relabeled
ok 4 - Node and Bun focused results cannot overwrite or be relabeled
  ---
  duration_ms: 4.008509
  type: 'test'
  ...
# Subtest: cleanup fits existing envelopes; expired post-staging budgets cannot launch
ok 5 - cleanup fits existing envelopes; expired post-staging budgets cannot launch
  ---
  duration_ms: 1.145314
  type: 'test'
  ...
# Subtest: creation-push guard binds accepted tree, intent-only change and physical modes
ok 6 - creation-push guard binds accepted tree, intent-only change and physical modes
  ---
  duration_ms: 1274.686072
  type: 'test'
  ...
1..6
# tests 6
# suites 0
# pass 6
# fail 0
# cancelled 0
# skipped 0
# todo 0
# duration_ms 4170.387116
