2026-10-08T22:01:36.9920551Z Current runner version: '2.337.0'
2026-10-08T22:01:36.9947010Z ##[group]Runner Image Provisioner
2026-10-08T22:01:36.9947964Z Hosted Compute Agent
2026-10-08T22:01:36.9948663Z Version: 20261002.596
2026-10-08T22:01:36.9949356Z Commit: c3d12f3313a95f25162a1503be624f3b0617f8c0
2026-10-08T22:01:36.9950291Z Build Date: 2026-10-02T22:28:27Z
2026-10-08T22:01:36.9951035Z Worker ID: {5cb4d5ca-e729-4c1d-9b82-5cc4cc387ad1}
2026-10-08T22:01:36.9951771Z Region: northcentralus
2026-10-08T22:01:36.9952767Z Cloud: Azure
2026-10-08T22:01:36.9953366Z ##[endgroup]
2026-10-08T22:01:36.9955396Z ##[group]Operating System
2026-10-08T22:01:36.9956091Z Ubuntu
2026-10-08T22:01:36.9956621Z 24.04.5
2026-10-08T22:01:36.9957276Z LTS
2026-10-08T22:01:36.9957835Z ##[endgroup]
2026-10-08T22:01:36.9958439Z ##[group]Runner Image
2026-10-08T22:01:36.9959084Z Image: ubuntu-24.04
2026-10-08T22:01:36.9959681Z Version: 20261004.327.1
2026-10-08T22:01:36.9961060Z Included Software: https://github.com/actions/runner-images/blob/ubuntu24/20261004.327/images/ubuntu/Ubuntu2404-Readme.md
2026-10-08T22:01:36.9963005Z Image Release: https://github.com/actions/runner-images/releases/tag/ubuntu24%2F20261004.327
2026-10-08T22:01:36.9964089Z ##[endgroup]
2026-10-08T22:01:36.9965330Z ##[group]GITHUB_TOKEN Permissions
2026-10-08T22:01:36.9967575Z Contents: read
2026-10-08T22:01:36.9968208Z Metadata: read
2026-10-08T22:01:36.9968930Z ##[endgroup]
2026-10-08T22:01:36.9971485Z Secret source: Actions
2026-10-08T22:01:36.9972740Z Cache mode: write
2026-10-08T22:01:36.9973651Z Prepare workflow directory
2026-10-08T22:01:37.0311265Z Prepare all required actions
2026-10-08T22:01:37.0360768Z Getting action download info
2026-10-08T22:01:37.2867205Z Download action repository 'actions/checkout@v4' (SHA:11d5960a326750d5838078e36cf38b85af677262)
2026-10-08T22:01:37.3903792Z Download action repository 'actions/setup-node@v4' (SHA:49933ea5288caeca8642d1e84afbd3f7d6820020)
2026-10-08T22:01:37.4819255Z Download action repository 'oven-sh/setup-bun@v2' (SHA:0c5077e51419868618aeaa5fe8019c62421857d6)
2026-10-08T22:01:37.7927289Z Download action repository 'actions/upload-artifact@v4' (SHA:ea165f8d65b6e75b540449e92b4886f43607fa02)
2026-10-08T22:01:38.0090563Z Complete job name: diagnostic
2026-10-08T22:01:38.0772197Z ##[group]Run test "$GITHUB_RUN_ATTEMPT" = "1"
2026-10-08T22:01:38.0772934Z [36;1mtest "$GITHUB_RUN_ATTEMPT" = "1"[0m
2026-10-08T22:01:38.1018489Z shell: /usr/bin/bash -e {0}
2026-10-08T22:01:38.1019285Z ##[endgroup]
2026-10-08T22:01:38.1399300Z ##[group]Run actions/checkout@v4
2026-10-08T22:01:38.1399890Z with:
2026-10-08T22:01:38.1400365Z   ref: 0432589af7f62fe6d8411eeb97c6296fd32fe572
2026-10-08T22:01:38.1400954Z   fetch-depth: 0
2026-10-08T22:01:38.1401405Z   persist-credentials: false
2026-10-08T22:01:38.1401919Z   repository: natanelia/zerocopy
2026-10-08T22:01:38.1406054Z   token: ***
2026-10-08T22:01:38.1406489Z   ssh-strict: true
2026-10-08T22:01:38.1406931Z   ssh-user: git
2026-10-08T22:01:38.1407355Z   clean: true
2026-10-08T22:01:38.1407789Z   sparse-checkout-cone-mode: true
2026-10-08T22:01:38.1408329Z   fetch-tags: false
2026-10-08T22:01:38.1408766Z   show-progress: true
2026-10-08T22:01:38.1409208Z   lfs: false
2026-10-08T22:01:38.1409614Z   submodules: false
2026-10-08T22:01:38.1410067Z   set-safe-directory: true
2026-10-08T22:01:38.1410572Z   allow-unsafe-pr-checkout: false
2026-10-08T22:01:38.1411078Z ##[endgroup]
2026-10-08T22:01:38.2450041Z Syncing repository: natanelia/zerocopy
2026-10-08T22:01:38.2456359Z ##[group]Getting Git version info
2026-10-08T22:01:38.2457563Z Working directory is '/home/runner/work/zerocopy/zerocopy'
2026-10-08T22:01:38.2459193Z [command]/usr/bin/git version
2026-10-08T22:01:38.2724485Z git version 2.55.0
2026-10-08T22:01:38.2729480Z ##[endgroup]
2026-10-08T22:01:38.2755932Z Temporarily overriding HOME='/home/runner/work/_temp/7f874730-a5b5-4dd9-9019-f8165f6e8b8c' before making global git config changes
2026-10-08T22:01:38.2758702Z Adding repository directory to the temporary git global config as a safe directory
2026-10-08T22:01:38.2763661Z [command]/usr/bin/git config --global --add safe.directory /home/runner/work/zerocopy/zerocopy
2026-10-08T22:01:38.2825652Z Deleting the contents of '/home/runner/work/zerocopy/zerocopy'
2026-10-08T22:01:38.2832860Z ##[group]Initializing the repository
2026-10-08T22:01:38.2840068Z [command]/usr/bin/git init /home/runner/work/zerocopy/zerocopy
2026-10-08T22:01:38.4360924Z hint: Using 'master' as the name for the initial branch. This default branch name
2026-10-08T22:01:38.4363080Z hint: will change to "main" in Git 3.0. To configure the initial branch name
2026-10-08T22:01:38.4364720Z hint: to use in all of your new repositories, which will suppress this warning,
2026-10-08T22:01:38.4365903Z hint: call:
2026-10-08T22:01:38.4366620Z hint:
2026-10-08T22:01:38.4367734Z hint: 	git config --global init.defaultBranch <name>
2026-10-08T22:01:38.4368735Z hint:
2026-10-08T22:01:38.4369604Z hint: Names commonly chosen instead of 'master' are 'main', 'trunk' and
2026-10-08T22:01:38.4371841Z hint: 'development'. The just-created branch can be renamed via this command:
2026-10-08T22:01:38.4446060Z hint:
2026-10-08T22:01:38.4447058Z hint: 	git branch -m <name>
2026-10-08T22:01:38.4447907Z hint:
2026-10-08T22:01:38.4448863Z hint: Disable this message with "git config set advice.defaultBranchName false"
2026-10-08T22:01:38.4450626Z Initialized empty Git repository in /home/runner/work/zerocopy/zerocopy/.git/
2026-10-08T22:01:38.4453008Z [command]/usr/bin/git remote add origin https://github.com/natanelia/zerocopy
2026-10-08T22:01:38.4454584Z ##[endgroup]
2026-10-08T22:01:38.4455339Z ##[group]Disabling automatic garbage collection
2026-10-08T22:01:38.4455991Z [command]/usr/bin/git config --local gc.auto 0
2026-10-08T22:01:38.4482645Z ##[endgroup]
2026-10-08T22:01:38.4483759Z ##[group]Setting up auth
2026-10-08T22:01:38.4489540Z [command]/usr/bin/git config --local --name-only --get-regexp core\.sshCommand
2026-10-08T22:01:38.4526983Z [command]/usr/bin/git submodule foreach --recursive sh -c "git config --local --name-only --get-regexp 'core\.sshCommand' && git config --local --unset-all 'core.sshCommand' || :"
2026-10-08T22:01:38.4879003Z [command]/usr/bin/git config --local --name-only --get-regexp http\.https\:\/\/github\.com\/\.extraheader
2026-10-08T22:01:38.4918318Z [command]/usr/bin/git submodule foreach --recursive sh -c "git config --local --name-only --get-regexp 'http\.https\:\/\/github\.com\/\.extraheader' && git config --local --unset-all 'http.https://github.com/.extraheader' || :"
2026-10-08T22:01:38.5164390Z [command]/usr/bin/git config --local --name-only --get-regexp ^includeIf\.gitdir:
2026-10-08T22:01:38.5204042Z [command]/usr/bin/git submodule foreach --recursive git config --local --show-origin --name-only --get-regexp remote.origin.url
2026-10-08T22:01:38.5448350Z [command]/usr/bin/git config --local http.https://github.com/.extraheader AUTHORIZATION: basic ***
2026-10-08T22:01:38.5492357Z ##[endgroup]
2026-10-08T22:01:38.5493525Z ##[group]Fetching the repository
2026-10-08T22:01:38.5502434Z [command]/usr/bin/git -c protocol.version=2 fetch --prune --no-recurse-submodules origin +refs/heads/*:refs/remotes/origin/* +refs/tags/*:refs/tags/*
2026-10-08T22:01:39.5352266Z From https://github.com/natanelia/zerocopy
2026-10-08T22:01:39.5353365Z  * [new branch]      agent/geometry-bbox     -> origin/agent/geometry-bbox
2026-10-08T22:01:39.5354347Z  * [new branch]      agent/geometry-bbox-bulk -> origin/agent/geometry-bbox-bulk
2026-10-08T22:01:39.5355312Z  * [new branch]      agent/geometry-polygon  -> origin/agent/geometry-polygon
2026-10-08T22:01:39.5356397Z  * [new branch]      agent/geometry-simplify -> origin/agent/geometry-simplify
2026-10-08T22:01:39.5357445Z  * [new branch]      agent/immutable-performance-proof -> origin/agent/immutable-performance-proof
2026-10-08T22:01:39.5358446Z  * [new branch]      agent/perf-numeric-range -> origin/agent/perf-numeric-range
2026-10-08T22:01:39.5359355Z  * [new branch]      agent/perf-spatial-box  -> origin/agent/perf-spatial-box
2026-10-08T22:01:39.5360329Z  * [new branch]      agent/perf-spatial-bulk -> origin/agent/perf-spatial-bulk
2026-10-08T22:01:39.5361674Z  * [new branch]      agent/redux-support     -> origin/agent/redux-support
2026-10-08T22:01:39.5362953Z  * [new branch]      agent/simd-performance-lab -> origin/agent/simd-performance-lab
2026-10-08T22:01:39.5364084Z  * [new branch]      agent/typed-json-objects -> origin/agent/typed-json-objects
2026-10-08T22:01:39.5365071Z  * [new branch]      agent/typed-json-values -> origin/agent/typed-json-values
2026-10-08T22:01:39.5366148Z  * [new branch]      agent/worker-auto-publish -> origin/agent/worker-auto-publish
2026-10-08T22:01:39.5367321Z  * [new branch]      agent/worker-dx-api     -> origin/agent/worker-dx-api
2026-10-08T22:01:39.5368498Z  * [new branch]      docs/library-readme     -> origin/docs/library-readme
2026-10-08T22:01:39.5369775Z  * [new branch]      feat/product-docs-website -> origin/feat/product-docs-website
2026-10-08T22:01:39.5371212Z  * [new branch]      fix/webkit-isolation-readiness -> origin/fix/webkit-isolation-readiness
2026-10-08T22:01:39.5372721Z  * [new branch]      gh-pages                -> origin/gh-pages
2026-10-08T22:01:39.5373677Z  * [new branch]      main                    -> origin/main
2026-10-08T22:01:39.5374699Z  * [new branch]      perf/block-traversal-views -> origin/perf/block-traversal-views
2026-10-08T22:01:39.5375987Z  * [new branch]      perf/compact-bulk-leaves-20261008 -> origin/perf/compact-bulk-leaves-20261008
2026-10-08T22:01:39.5377451Z  * [new branch]      perf/compaction-pointer-cache-20261008 -> origin/perf/compaction-pointer-cache-20261008
2026-10-08T22:01:39.5379039Z  * [new branch]      perf/compaction-pointer-cache-first-group -> origin/perf/compaction-pointer-cache-first-group
2026-10-08T22:01:39.5380588Z  * [new branch]      perf/fixed-vector-branch-copy-20261008 -> origin/perf/fixed-vector-branch-copy-20261008
2026-10-08T22:01:39.5382208Z  * [new branch]      perf/geometry-parent-cache-20261008 -> origin/perf/geometry-parent-cache-20261008
2026-10-08T22:01:39.5383188Z  * [new branch]      perf/json-read-cache-and-freeze -> origin/perf/json-read-cache-and-freeze
2026-10-08T22:01:39.5384095Z  * [new branch]      perf/latest-stream-slot-20261008 -> origin/perf/latest-stream-slot-20261008
2026-10-08T22:01:39.5385120Z  * [new branch]      perf/list-query-append  -> origin/perf/list-query-append
2026-10-08T22:01:39.5385969Z  * [new branch]      perf/list-query-publish -> origin/perf/list-query-publish
2026-10-08T22:01:39.5387047Z  * [new branch]      perf/map-key-projection-20261008 -> origin/perf/map-key-projection-20261008
2026-10-08T22:01:39.5388023Z  * [new branch]      perf/map-projection-focused-controls-20261008 -> origin/perf/map-projection-focused-controls-20261008
2026-10-08T22:01:39.5389061Z  * [new branch]      perf/map-projection-isolation-20261008 -> origin/perf/map-projection-isolation-20261008
2026-10-08T22:01:39.5390386Z  * [new branch]      perf/map-projection-ordered-only-20261008 -> origin/perf/map-projection-ordered-only-20261008
2026-10-08T22:01:39.5392204Z  * [new branch]      perf/map-projection-sorted-only-20261008 -> origin/perf/map-projection-sorted-only-20261008
2026-10-08T22:01:39.5393391Z  * [new branch]      perf/map-projection-split-20261008 -> origin/perf/map-projection-split-20261008
2026-10-08T22:01:39.5394257Z  * [new branch]      perf/noop-sequence-writes-20261008 -> origin/perf/noop-sequence-writes-20261008
2026-10-08T22:01:39.5395169Z  * [new branch]      perf/noop-sequence-writes-vector-only -> origin/perf/noop-sequence-writes-vector-only
2026-10-08T22:01:39.5396040Z  * [new branch]      perf/ordered-churn-guard-order -> origin/perf/ordered-churn-guard-order
2026-10-08T22:01:39.5396811Z  * [new branch]      perf/ordered-churn-scans -> origin/perf/ordered-churn-scans
2026-10-08T22:01:39.5397567Z  * [new branch]      perf/portable-utf8-write-buffer -> origin/perf/portable-utf8-write-buffer
2026-10-08T22:01:39.5398487Z  * [new branch]      perf/primitive-compaction-focused-20261008 -> origin/perf/primitive-compaction-focused-20261008
2026-10-08T22:01:39.5399676Z  * [new branch]      perf/primitive-compaction-spans-20261008 -> origin/perf/primitive-compaction-spans-20261008
2026-10-08T22:01:39.5400620Z  * [new branch]      perf/primitive-sequence-scans-20261008 -> origin/perf/primitive-sequence-scans-20261008
2026-10-08T22:01:39.5401534Z  * [new branch]      perf/query-column-locality -> origin/perf/query-column-locality
2026-10-08T22:01:39.5402978Z  * [new branch]      perf/shared-list-query-pipeline -> origin/perf/shared-list-query-pipeline
2026-10-08T22:01:39.5403978Z  * [new branch]      perf/trie-iterator-setup-20261008 -> origin/perf/trie-iterator-setup-20261008
2026-10-08T22:01:39.5405505Z  * [new branch]      perf/trie-iterator-setup-empty-20261008 -> origin/perf/trie-iterator-setup-empty-20261008
2026-10-08T22:01:39.5406988Z  * [new branch]      perf/trie-view-capture-20261008 -> origin/perf/trie-view-capture-20261008
2026-10-08T22:01:39.5408468Z  * [new branch]      perf/vector-path-reservation-20261008 -> origin/perf/vector-path-reservation-20261008
2026-10-08T22:01:39.5410102Z  * [new branch]      perf/vector-path-reservation-gate-20261008 -> origin/perf/vector-path-reservation-gate-20261008
2026-10-08T22:01:39.5411777Z  * [new branch]      perf/worker-arena-registry-20261008 -> origin/perf/worker-arena-registry-20261008
2026-10-08T22:01:39.5413402Z  * [new branch]      proof/block-chromium-isolation -> origin/proof/block-chromium-isolation
2026-10-08T22:01:39.5414915Z  * [new branch]      proof/block-traversal-empty-controls -> origin/proof/block-traversal-empty-controls
2026-10-08T22:01:39.5416578Z  * [new branch]      proof/registry-attachment-controls-20261008 -> origin/proof/registry-attachment-controls-20261008
2026-10-08T22:01:39.5418357Z  * [new branch]      proof/worker-arena-browser-20261008 -> origin/proof/worker-arena-browser-20261008
2026-10-08T22:01:39.5420017Z  * [new branch]      test/baseline-webkit-isolation-20261008 -> origin/test/baseline-webkit-isolation-20261008
2026-10-08T22:01:39.5421293Z  * [new branch]      web/compare-immer       -> origin/web/compare-immer
2026-10-08T22:01:39.5422552Z  * [new branch]      web/lab-map-comparison  -> origin/web/lab-map-comparison
2026-10-08T22:01:39.5424818Z [command]/usr/bin/git rev-parse --verify --quiet 0432589af7f62fe6d8411eeb97c6296fd32fe572^{object}
2026-10-08T22:01:39.5425926Z 0432589af7f62fe6d8411eeb97c6296fd32fe572
2026-10-08T22:01:39.5427916Z ##[endgroup]
2026-10-08T22:01:39.5428807Z ##[group]Determining the checkout info
2026-10-08T22:01:39.5429538Z ##[endgroup]
2026-10-08T22:01:39.5429977Z [command]/usr/bin/git sparse-checkout disable
2026-10-08T22:01:39.5471371Z [command]/usr/bin/git config --local --unset-all extensions.worktreeConfig
2026-10-08T22:01:39.5512780Z ##[group]Checking out the ref
2026-10-08T22:01:39.5516789Z [command]/usr/bin/git checkout --progress --force 0432589af7f62fe6d8411eeb97c6296fd32fe572
2026-10-08T22:01:39.5910183Z Note: switching to '0432589af7f62fe6d8411eeb97c6296fd32fe572'.
2026-10-08T22:01:39.5910886Z 
2026-10-08T22:01:39.5911357Z You are in 'detached HEAD' state. You can look around, make experimental
2026-10-08T22:01:39.5912686Z changes and commit them, and you can discard any commits you make in this
2026-10-08T22:01:39.5913742Z state without impacting any branches by switching back to a branch.
2026-10-08T22:01:39.5914332Z 
2026-10-08T22:01:39.5914765Z If you want to create a new branch to retain commits you create, you may
2026-10-08T22:01:39.5915740Z do so (now or later) by using -c with the switch command. Example:
2026-10-08T22:01:39.5916283Z 
2026-10-08T22:01:39.5916565Z   git switch -c <new-branch-name>
2026-10-08T22:01:39.5916987Z 
2026-10-08T22:01:39.5917262Z Or undo this operation with:
2026-10-08T22:01:39.5917653Z 
2026-10-08T22:01:39.5917895Z   git switch -
2026-10-08T22:01:39.5918225Z 
2026-10-08T22:01:39.5918679Z Turn off this advice by setting config variable advice.detachedHead to false
2026-10-08T22:01:39.5919219Z 
2026-10-08T22:01:39.5919509Z HEAD is now at 0432589 test: freeze vector path reservation latency gate
2026-10-08T22:01:39.5923398Z ##[endgroup]
2026-10-08T22:01:39.5968132Z [command]/usr/bin/git log -1 --format=%H
2026-10-08T22:01:39.5997613Z 0432589af7f62fe6d8411eeb97c6296fd32fe572
2026-10-08T22:01:39.6006727Z ##[group]Removing auth
2026-10-08T22:01:39.6010587Z [command]/usr/bin/git config --local --name-only --get-regexp core\.sshCommand
2026-10-08T22:01:39.6044958Z [command]/usr/bin/git submodule foreach --recursive sh -c "git config --local --name-only --get-regexp 'core\.sshCommand' && git config --local --unset-all 'core.sshCommand' || :"
2026-10-08T22:01:39.6282935Z [command]/usr/bin/git config --local --name-only --get-regexp http\.https\:\/\/github\.com\/\.extraheader
2026-10-08T22:01:39.6312276Z http.https://github.com/.extraheader
2026-10-08T22:01:39.6320279Z [command]/usr/bin/git config --local --unset-all http.https://github.com/.extraheader
2026-10-08T22:01:39.6357293Z [command]/usr/bin/git submodule foreach --recursive sh -c "git config --local --name-only --get-regexp 'http\.https\:\/\/github\.com\/\.extraheader' && git config --local --unset-all 'http.https://github.com/.extraheader' || :"
2026-10-08T22:01:39.6621038Z [command]/usr/bin/git config --local --name-only --get-regexp ^includeIf\.gitdir:
2026-10-08T22:01:39.6643812Z [command]/usr/bin/git submodule foreach --recursive git config --local --show-origin --name-only --get-regexp remote.origin.url
2026-10-08T22:01:39.6899368Z ##[endgroup]
2026-10-08T22:01:39.7096616Z ##[group]Run actions/setup-node@v4
2026-10-08T22:01:39.7096965Z with:
2026-10-08T22:01:39.7097226Z   node-version: 22.23.3
2026-10-08T22:01:39.7097517Z   always-auth: false
2026-10-08T22:01:39.7097800Z   check-latest: false
2026-10-08T22:01:39.7100508Z   token: ***
2026-10-08T22:01:39.7100769Z ##[endgroup]
2026-10-08T22:01:39.8468112Z Found in cache @ /opt/hostedtoolcache/node/22.23.3/x64
2026-10-08T22:01:39.8472840Z (node:2404) [DEP0040] DeprecationWarning: The `punycode` module is deprecated. Please use a userland alternative instead.
2026-10-08T22:01:39.8473726Z (Use `node --trace-deprecation ...` to show where the warning was created)
2026-10-08T22:01:39.8475180Z ##[group]Environment details
2026-10-08T22:01:40.2321274Z node: v22.23.3
2026-10-08T22:01:40.2322777Z npm: 10.9.9
2026-10-08T22:01:40.2323264Z yarn: 1.22.22
2026-10-08T22:01:40.2324441Z ##[endgroup]
2026-10-08T22:01:40.2483362Z ##[group]Run oven-sh/setup-bun@v2
2026-10-08T22:01:40.2483727Z with:
2026-10-08T22:01:40.2483990Z   bun-version: 1.4.2
2026-10-08T22:01:40.2484263Z   no-cache: false
2026-10-08T22:01:40.2486968Z   token: ***
2026-10-08T22:01:40.2487232Z ##[endgroup]
2026-10-08T22:01:40.5461996Z Cache hit for: bun-gmoqYqdUbaYsI0KujeXt7Zg/p0I=
2026-10-08T22:01:41.2441524Z Received 35684134 of 35684134 (100.0%), 58.8 MBs/sec
2026-10-08T22:01:41.2442888Z Cache Size: ~34 MB (35684134 B)
2026-10-08T22:01:41.2474735Z [command]/usr/bin/tar -xf /home/runner/work/_temp/4e6ad9b1-99da-403e-9a8e-4aa9aa9a63ae/cache.tzst -P -C /home/runner/work/zerocopy/zerocopy --use-compress-program unzstd
2026-10-08T22:01:41.3825926Z Cache restored successfully
2026-10-08T22:01:41.3873221Z [command]/home/runner/.bun/bin/bun --revision
2026-10-08T22:01:41.3903596Z 1.4.2+744846f84
2026-10-08T22:01:41.3915182Z Using a cached version of Bun: 1.4.2+744846f84
2026-10-08T22:01:41.4075568Z ##[group]Run bun install
2026-10-08T22:01:41.4075922Z [36;1mbun install[0m
2026-10-08T22:01:41.4076512Z [36;1mgit worktree add --detach "$RUNNER_TEMP/vector-reservation-baseline" 3773c6e519c7c0958da13727ed1082f449f3ee25[0m
2026-10-08T22:01:41.4077342Z [36;1mln -s "$GITHUB_WORKSPACE/node_modules" "$RUNNER_TEMP/vector-reservation-baseline/node_modules"[0m
2026-10-08T22:01:41.4077995Z [36;1mnode -e "require('node:assert/strict').equal(process.arch, 'x64')"[0m
2026-10-08T22:01:41.4157154Z shell: /usr/bin/bash -e {0}
2026-10-08T22:01:41.4157513Z ##[endgroup]
2026-10-08T22:01:41.4277487Z bun install v1.4.2 (744846f84)
2026-10-08T22:01:41.4287376Z Resolving dependencies
2026-10-08T22:01:42.2670044Z Resolved, downloaded and extracted [375]
2026-10-08T22:01:42.3053025Z Saved lockfile
2026-10-08T22:01:42.3053369Z 
2026-10-08T22:01:42.3053584Z + @redux-devtools/instrument@3.0.0
2026-10-08T22:01:42.3054001Z + @reduxjs/toolkit@2.12.0 (v2.13.0 available)
2026-10-08T22:01:42.3054455Z + @turf/bbox@7.4.0
2026-10-08T22:01:42.3054759Z + @vitest/browser@4.1.11 (v5.0.3 available)
2026-10-08T22:01:42.3055191Z + @vitest/browser-playwright@4.1.11 (v5.0.3 available)
2026-10-08T22:01:42.3055574Z + assemblyscript@0.28.20
2026-10-08T22:01:42.3055855Z + bun-types@1.4.2
2026-10-08T22:01:42.3056102Z + immer@11.1.21
2026-10-08T22:01:42.3056339Z + immutable@5.1.9
2026-10-08T22:01:42.3056596Z + jsan@3.1.14
2026-10-08T22:01:42.3056882Z + playwright@1.63.0 (v1.64.0 available)
2026-10-08T22:01:42.3057312Z + react@19.2.0 (v19.3.0 available)
2026-10-08T22:01:42.3057646Z + react-dom@19.2.0 (v19.3.0 available)
2026-10-08T22:01:42.3057991Z + react-redux@9.2.0 (v9.3.0 available)
2026-10-08T22:01:42.3058315Z + typescript@5.9.3 (v7.0.2 available)
2026-10-08T22:01:42.3058637Z + vitest@4.1.11 (v5.0.3 available)
2026-10-08T22:01:42.3058834Z 
2026-10-08T22:01:42.3058992Z 84 packages installed [878.00ms]
2026-10-08T22:01:42.3157699Z Preparing worktree (detached HEAD 3773c6e)
2026-10-08T22:01:42.3548510Z HEAD is now at 3773c6e perf: accelerate portable shared-list iteration (#19)
2026-10-08T22:01:42.3899601Z ##[group]Run node proofs/vector-reservation-build.mjs "$RUNNER_TEMP/vector-reservation-baseline" . "$RUNNER_TEMP/vector-reservation-results/build.json"
2026-10-08T22:01:42.3900724Z [36;1mnode proofs/vector-reservation-build.mjs "$RUNNER_TEMP/vector-reservation-baseline" . "$RUNNER_TEMP/vector-reservation-results/build.json"[0m
2026-10-08T22:01:42.3971216Z shell: /usr/bin/bash -e {0}
2026-10-08T22:01:42.3994503Z ##[endgroup]
2026-10-08T22:02:00.5257056Z ##[group]Run bunx playwright install --with-deps chromium
2026-10-08T22:02:00.5257516Z [36;1mbunx playwright install --with-deps chromium[0m
2026-10-08T22:02:00.5328740Z shell: /usr/bin/bash -e {0}
2026-10-08T22:02:00.5329014Z ##[endgroup]
2026-10-08T22:02:01.0407401Z Installing dependencies...
2026-10-08T22:02:01.0468518Z Switching to root user to install dependencies...
2026-10-08T22:02:01.1565280Z Get:1 file:/etc/apt/apt-mirrors.txt Mirrorlist [144 B]
2026-10-08T22:02:01.1786644Z Get:6 https://packages.microsoft.com/ubuntu/24.04/prod noble InRelease [3600 B]
2026-10-08T22:02:01.2832222Z Hit:2 http://azure.archive.ubuntu.com/ubuntu noble InRelease
2026-10-08T22:02:01.2844746Z Get:3 http://azure.archive.ubuntu.com/ubuntu noble-updates InRelease [126 kB]
2026-10-08T22:02:01.2886380Z Get:4 http://azure.archive.ubuntu.com/ubuntu noble-backports InRelease [126 kB]
2026-10-08T22:02:01.2915217Z Get:5 http://azure.archive.ubuntu.com/ubuntu noble-security InRelease [126 kB]
2026-10-08T22:02:01.3614281Z Get:7 https://packages.microsoft.com/ubuntu/24.04/prod noble/main amd64 Packages [531 kB]
2026-10-08T22:02:01.4036473Z Get:8 https://packages.microsoft.com/ubuntu/24.04/prod noble/main all Packages [640 B]
2026-10-08T22:02:01.4063127Z Get:9 https://packages.microsoft.com/ubuntu/24.04/prod noble/main arm64 Packages [474 kB]
2026-10-08T22:02:01.4106999Z Get:10 https://packages.microsoft.com/ubuntu/24.04/prod noble/main armhf Packages [12.3 kB]
2026-10-08T22:02:01.5052003Z Get:11 http://azure.archive.ubuntu.com/ubuntu noble-updates/main amd64 Packages [1375 kB]
2026-10-08T22:02:01.5159134Z Get:12 http://azure.archive.ubuntu.com/ubuntu noble-updates/main Translation-en [306 kB]
2026-10-08T22:02:01.5203977Z Get:13 http://azure.archive.ubuntu.com/ubuntu noble-updates/universe amd64 Packages [1702 kB]
2026-10-08T22:02:01.5275257Z Get:14 http://azure.archive.ubuntu.com/ubuntu noble-updates/universe Translation-en [342 kB]
2026-10-08T22:02:01.5315374Z Get:15 http://azure.archive.ubuntu.com/ubuntu noble-updates/restricted amd64 Packages [1761 kB]
2026-10-08T22:02:01.5429186Z Get:16 http://azure.archive.ubuntu.com/ubuntu noble-updates/restricted Translation-en [401 kB]
2026-10-08T22:02:01.5487485Z Get:17 http://azure.archive.ubuntu.com/ubuntu noble-updates/multiverse amd64 Packages [55.0 kB]
2026-10-08T22:02:01.5505577Z Get:18 http://azure.archive.ubuntu.com/ubuntu noble-updates/multiverse Translation-en [14.3 kB]
2026-10-08T22:02:01.6434353Z Get:19 http://azure.archive.ubuntu.com/ubuntu noble-security/main amd64 Packages [1115 kB]
2026-10-08T22:02:01.6485557Z Get:20 http://azure.archive.ubuntu.com/ubuntu noble-security/main Translation-en [227 kB]
2026-10-08T22:02:01.6922635Z Get:21 http://azure.archive.ubuntu.com/ubuntu noble-security/universe amd64 Packages [1218 kB]
2026-10-08T22:02:01.6990316Z Get:22 http://azure.archive.ubuntu.com/ubuntu noble-security/universe Translation-en [245 kB]
2026-10-08T22:02:01.7014691Z Get:23 http://azure.archive.ubuntu.com/ubuntu noble-security/restricted amd64 Packages [1632 kB]
2026-10-08T22:02:01.7101583Z Get:24 http://azure.archive.ubuntu.com/ubuntu noble-security/restricted Translation-en [376 kB]
2026-10-08T22:02:01.7128955Z Get:25 http://azure.archive.ubuntu.com/ubuntu noble-security/multiverse Translation-en [11.6 kB]
2026-10-08T22:02:05.2321255Z Fetched 12.2 MB in 1s (8153 kB/s)
2026-10-08T22:02:06.0568802Z Reading package lists...
2026-10-08T22:02:06.0823018Z Reading package lists...
2026-10-08T22:02:06.2786093Z Building dependency tree...
2026-10-08T22:02:06.2793442Z Reading state information...
2026-10-08T22:02:06.4764889Z libasound2t64 is already the newest version (1.2.11-1ubuntu0.3).
2026-10-08T22:02:06.4765688Z libasound2t64 set to manually installed.
2026-10-08T22:02:06.4766175Z libatk-bridge2.0-0t64 is already the newest version (2.52.0-1build1).
2026-10-08T22:02:06.4766861Z libatk-bridge2.0-0t64 set to manually installed.
2026-10-08T22:02:06.4767469Z libatk1.0-0t64 is already the newest version (2.52.0-1build1).
2026-10-08T22:02:06.4768383Z libatk1.0-0t64 set to manually installed.
2026-10-08T22:02:06.4768816Z libatspi2.0-0t64 is already the newest version (2.52.0-1build1).
2026-10-08T22:02:06.4769235Z libatspi2.0-0t64 set to manually installed.
2026-10-08T22:02:06.4769647Z libcairo2 is already the newest version (1.18.0-3build1).
2026-10-08T22:02:06.4770050Z libcairo2 set to manually installed.
2026-10-08T22:02:06.4770480Z libcups2t64 is already the newest version (2.4.7-1.2ubuntu7.14).
2026-10-08T22:02:06.4770888Z libcups2t64 set to manually installed.
2026-10-08T22:02:06.4771302Z libdbus-1-3 is already the newest version (1.14.10-4ubuntu4.1).
2026-10-08T22:02:06.4771704Z libdbus-1-3 set to manually installed.
2026-10-08T22:02:06.4772288Z libdrm2 is already the newest version (2.4.125-1ubuntu0.1~24.04.2).
2026-10-08T22:02:06.4772695Z libdrm2 set to manually installed.
2026-10-08T22:02:06.4773097Z libgbm1 is already the newest version (25.2.8-0ubuntu0.24.04.4).
2026-10-08T22:02:06.4773477Z libgbm1 set to manually installed.
2026-10-08T22:02:06.4773879Z libglib2.0-0t64 is already the newest version (2.80.0-6ubuntu3.9).
2026-10-08T22:02:06.4774290Z libglib2.0-0t64 set to manually installed.
2026-10-08T22:02:06.4774719Z libnspr4 is already the newest version (2:4.35-1.1build1).
2026-10-08T22:02:06.4775114Z libnspr4 set to manually installed.
2026-10-08T22:02:06.4775502Z libnss3 is already the newest version (2:3.98-1ubuntu0.2).
2026-10-08T22:02:06.4775868Z libnss3 set to manually installed.
2026-10-08T22:02:06.4776271Z libpango-1.0-0 is already the newest version (1.52.1+ds-1build1).
2026-10-08T22:02:06.4776678Z libpango-1.0-0 set to manually installed.
2026-10-08T22:02:06.4777086Z libx11-6 is already the newest version (2:1.8.7-1build1).
2026-10-08T22:02:06.4777472Z libx11-6 set to manually installed.
2026-10-08T22:02:06.4777845Z libxcb1 is already the newest version (1.15-1ubuntu2).
2026-10-08T22:02:06.4778212Z libxcb1 set to manually installed.
2026-10-08T22:02:06.4778618Z libxcomposite1 is already the newest version (1:0.4.5-1build3).
2026-10-08T22:02:06.4779041Z libxcomposite1 set to manually installed.
2026-10-08T22:02:06.4779451Z libxdamage1 is already the newest version (1:1.1.6-1build1).
2026-10-08T22:02:06.4779852Z libxdamage1 set to manually installed.
2026-10-08T22:02:06.4780240Z libxext6 is already the newest version (2:1.3.4-1build2).
2026-10-08T22:02:06.4780819Z libxext6 set to manually installed.
2026-10-08T22:02:06.4781214Z libxfixes3 is already the newest version (1:6.0.0-2build1).
2026-10-08T22:02:06.4781596Z libxfixes3 set to manually installed.
2026-10-08T22:02:06.4782007Z libxkbcommon0 is already the newest version (1.6.0-1build1).
2026-10-08T22:02:06.4782567Z libxkbcommon0 set to manually installed.
2026-10-08T22:02:06.4782974Z libxrandr2 is already the newest version (2:1.5.2-2build1).
2026-10-08T22:02:06.4783360Z libxrandr2 set to manually installed.
2026-10-08T22:02:06.4783758Z xvfb is already the newest version (2:21.1.12-1ubuntu1.8).
2026-10-08T22:02:06.4784300Z fonts-noto-color-emoji is already the newest version (2.047-0ubuntu0.24.04.1).
2026-10-08T22:02:06.4784860Z libfontconfig1 is already the newest version (2.15.0-1.1ubuntu2).
2026-10-08T22:02:06.4785277Z libfontconfig1 set to manually installed.
2026-10-08T22:02:06.4785688Z fonts-liberation is already the newest version (1:2.1.5-3).
2026-10-08T22:02:06.4786087Z fonts-liberation set to manually installed.
2026-10-08T22:02:06.4786508Z The following additional packages will be installed:
2026-10-08T22:02:06.4786897Z   xfonts-encodings xfonts-utils
2026-10-08T22:02:06.4787192Z Recommended packages:
2026-10-08T22:02:06.4787482Z   fonts-ipafont-mincho fonts-tlwg-loma
2026-10-08T22:02:06.5008171Z The following NEW packages will be installed:
2026-10-08T22:02:06.5008999Z   fonts-freefont-ttf fonts-ipafont-gothic fonts-tlwg-loma-otf fonts-unifont
2026-10-08T22:02:06.5023943Z   fonts-wqy-zenhei xfonts-cyrillic xfonts-encodings xfonts-scalable
2026-10-08T22:02:06.5024343Z   xfonts-utils
2026-10-08T22:02:06.5035217Z The following packages will be upgraded:
2026-10-08T22:02:06.5046567Z   libfreetype6
2026-10-08T22:02:06.5271039Z 1 upgraded, 9 newly installed, 0 to remove and 22 not upgraded.
2026-10-08T22:02:06.5271774Z Need to get 21.5 MB of archives.
2026-10-08T22:02:06.5272701Z After this operation, 79.5 MB of additional disk space will be used.
2026-10-08T22:02:06.5273510Z Get:1 file:/etc/apt/apt-mirrors.txt Mirrorlist [144 B]
2026-10-08T22:02:06.6013296Z Get:2 http://azure.archive.ubuntu.com/ubuntu noble/universe amd64 fonts-ipafont-gothic all 00303-21ubuntu1 [3513 kB]
2026-10-08T22:02:06.8322440Z Get:3 http://azure.archive.ubuntu.com/ubuntu noble/main amd64 fonts-freefont-ttf all 20211204+svn4273-2 [5641 kB]
2026-10-08T22:02:07.0006682Z Get:4 http://azure.archive.ubuntu.com/ubuntu noble/universe amd64 fonts-tlwg-loma-otf all 1:0.7.3-1 [107 kB]
2026-10-08T22:02:07.0316220Z Get:5 http://azure.archive.ubuntu.com/ubuntu noble/universe amd64 fonts-unifont all 1:15.1.01-1build1 [2993 kB]
2026-10-08T22:02:07.1326511Z Get:6 http://azure.archive.ubuntu.com/ubuntu noble/universe amd64 fonts-wqy-zenhei all 0.9.45-8 [7472 kB]
2026-10-08T22:02:07.3072868Z Get:7 http://azure.archive.ubuntu.com/ubuntu noble-updates/main amd64 libfreetype6 amd64 2.13.2+dfsg-1ubuntu0.2 [403 kB]
2026-10-08T22:02:07.3379766Z Get:8 http://azure.archive.ubuntu.com/ubuntu noble/main amd64 xfonts-encodings all 1:1.0.5-0ubuntu2 [578 kB]
2026-10-08T22:02:07.3736764Z Get:9 http://azure.archive.ubuntu.com/ubuntu noble/main amd64 xfonts-utils amd64 1:7.7+6build3 [94.4 kB]
2026-10-08T22:02:07.3971907Z Get:10 http://azure.archive.ubuntu.com/ubuntu noble/universe amd64 xfonts-cyrillic all 1:1.0.5+nmu1 [384 kB]
2026-10-08T22:02:07.4229987Z Get:11 http://azure.archive.ubuntu.com/ubuntu noble/main amd64 xfonts-scalable all 1:1.0.3-1.3 [304 kB]
2026-10-08T22:02:07.6828869Z Fetched 21.5 MB in 1s (23.6 MB/s)
2026-10-08T22:02:07.7055018Z Selecting previously unselected package fonts-ipafont-gothic.
2026-10-08T22:02:07.7321627Z (Reading database ... 
2026-10-08T22:02:07.7322300Z (Reading database ... 5%
2026-10-08T22:02:07.7322745Z (Reading database ... 10%
2026-10-08T22:02:07.7323179Z (Reading database ... 15%
2026-10-08T22:02:07.7323544Z (Reading database ... 20%
2026-10-08T22:02:07.7323793Z (Reading database ... 25%
2026-10-08T22:02:07.7324044Z (Reading database ... 30%
2026-10-08T22:02:07.7324286Z (Reading database ... 35%
2026-10-08T22:02:07.7324809Z (Reading database ... 40%
2026-10-08T22:02:07.7325068Z (Reading database ... 45%
2026-10-08T22:02:07.7325330Z (Reading database ... 50%
2026-10-08T22:02:07.7366392Z (Reading database ... 55%
2026-10-08T22:02:07.8387804Z (Reading database ... 60%
2026-10-08T22:02:08.0462169Z (Reading database ... 65%
2026-10-08T22:02:08.2362722Z (Reading database ... 70%
2026-10-08T22:02:08.4381120Z (Reading database ... 75%
2026-10-08T22:02:08.6377154Z (Reading database ... 80%
2026-10-08T22:02:08.8282607Z (Reading database ... 85%
2026-10-08T22:02:09.0374886Z (Reading database ... 90%
2026-10-08T22:02:09.2060162Z (Reading database ... 95%
2026-10-08T22:02:09.2060667Z (Reading database ... 100%
2026-10-08T22:02:09.2061374Z (Reading database ... 203191 files and directories currently installed.)
2026-10-08T22:02:09.2109803Z Preparing to unpack .../0-fonts-ipafont-gothic_00303-21ubuntu1_all.deb ...
2026-10-08T22:02:09.2208136Z Unpacking fonts-ipafont-gothic (00303-21ubuntu1) ...
2026-10-08T22:02:09.4593208Z Selecting previously unselected package fonts-freefont-ttf.
2026-10-08T22:02:09.4728229Z Preparing to unpack .../1-fonts-freefont-ttf_20211204+svn4273-2_all.deb ...
2026-10-08T22:02:09.4735809Z Unpacking fonts-freefont-ttf (20211204+svn4273-2) ...
2026-10-08T22:02:09.5572876Z Selecting previously unselected package fonts-tlwg-loma-otf.
2026-10-08T22:02:09.5706813Z Preparing to unpack .../2-fonts-tlwg-loma-otf_1%3a0.7.3-1_all.deb ...
2026-10-08T22:02:09.5713589Z Unpacking fonts-tlwg-loma-otf (1:0.7.3-1) ...
2026-10-08T22:02:09.5938192Z Selecting previously unselected package fonts-unifont.
2026-10-08T22:02:09.6076777Z Preparing to unpack .../3-fonts-unifont_1%3a15.1.01-1build1_all.deb ...
2026-10-08T22:02:09.6086036Z Unpacking fonts-unifont (1:15.1.01-1build1) ...
2026-10-08T22:02:09.7186621Z Selecting previously unselected package fonts-wqy-zenhei.
2026-10-08T22:02:09.7328758Z Preparing to unpack .../4-fonts-wqy-zenhei_0.9.45-8_all.deb ...
2026-10-08T22:02:09.7435932Z Unpacking fonts-wqy-zenhei (0.9.45-8) ...
2026-10-08T22:02:10.2407657Z Preparing to unpack .../5-libfreetype6_2.13.2+dfsg-1ubuntu0.2_amd64.deb ...
2026-10-08T22:02:10.2440495Z Unpacking libfreetype6:amd64 (2.13.2+dfsg-1ubuntu0.2) over (2.13.2+dfsg-1ubuntu0.1) ...
2026-10-08T22:02:10.2708626Z Selecting previously unselected package xfonts-encodings.
2026-10-08T22:02:10.2849075Z Preparing to unpack .../6-xfonts-encodings_1%3a1.0.5-0ubuntu2_all.deb ...
2026-10-08T22:02:10.2857371Z Unpacking xfonts-encodings (1:1.0.5-0ubuntu2) ...
2026-10-08T22:02:10.3148017Z Selecting previously unselected package xfonts-utils.
2026-10-08T22:02:10.3281180Z Preparing to unpack .../7-xfonts-utils_1%3a7.7+6build3_amd64.deb ...
2026-10-08T22:02:10.3289167Z Unpacking xfonts-utils (1:7.7+6build3) ...
2026-10-08T22:02:10.3886881Z Selecting previously unselected package xfonts-cyrillic.
2026-10-08T22:02:10.4019924Z Preparing to unpack .../8-xfonts-cyrillic_1%3a1.0.5+nmu1_all.deb ...
2026-10-08T22:02:10.4027926Z Unpacking xfonts-cyrillic (1:1.0.5+nmu1) ...
2026-10-08T22:02:10.4363992Z Selecting previously unselected package xfonts-scalable.
2026-10-08T22:02:10.4498285Z Preparing to unpack .../9-xfonts-scalable_1%3a1.0.3-1.3_all.deb ...
2026-10-08T22:02:10.4506466Z Unpacking xfonts-scalable (1:1.0.3-1.3) ...
2026-10-08T22:02:10.4953710Z Setting up fonts-wqy-zenhei (0.9.45-8) ...
2026-10-08T22:02:10.5078495Z Setting up fonts-freefont-ttf (20211204+svn4273-2) ...
2026-10-08T22:02:10.5095388Z Setting up fonts-tlwg-loma-otf (1:0.7.3-1) ...
2026-10-08T22:02:10.5110877Z Setting up libfreetype6:amd64 (2.13.2+dfsg-1ubuntu0.2) ...
2026-10-08T22:02:10.5129391Z Setting up xfonts-encodings (1:1.0.5-0ubuntu2) ...
2026-10-08T22:02:10.5146963Z Setting up fonts-ipafont-gothic (00303-21ubuntu1) ...
2026-10-08T22:02:10.5217356Z update-alternatives: using /usr/share/fonts/opentype/ipafont-gothic/ipag.ttf to provide /usr/share/fonts/truetype/fonts-japanese-gothic.ttf (fonts-japanese-gothic.ttf) in auto mode
2026-10-08T22:02:10.5232603Z Setting up fonts-unifont (1:15.1.01-1build1) ...
2026-10-08T22:02:10.5249295Z Setting up xfonts-utils (1:7.7+6build3) ...
2026-10-08T22:02:10.5288137Z Setting up xfonts-cyrillic (1:1.0.5+nmu1) ...
2026-10-08T22:02:10.5630313Z Setting up xfonts-scalable (1:1.0.3-1.3) ...
2026-10-08T22:02:10.5921904Z Processing triggers for libc-bin (2.39-0ubuntu8.9) ...
2026-10-08T22:02:10.6232339Z Processing triggers for man-db (2.12.0-4build2) ...
2026-10-08T22:02:10.6253630Z Not building database; man-db/auto-update is not 'true'.
2026-10-08T22:02:10.6264940Z Processing triggers for fontconfig (2.15.0-1.1ubuntu2) ...
2026-10-08T22:02:11.4152842Z 
2026-10-08T22:02:11.4153476Z Running kernel seems to be up-to-date.
2026-10-08T22:02:11.4153871Z 
2026-10-08T22:02:11.4154060Z Restarting services...
2026-10-08T22:02:11.4234240Z  systemctl restart php8.3-fpm.service
2026-10-08T22:02:11.5562900Z 
2026-10-08T22:02:11.5563673Z No containers need to be restarted.
2026-10-08T22:02:11.5564051Z 
2026-10-08T22:02:11.5564328Z No user sessions are running outdated binaries.
2026-10-08T22:02:11.5564648Z 
2026-10-08T22:02:11.5565151Z No VM guests are running outdated hypervisor (qemu) binaries on this host.
2026-10-08T22:02:12.6681887Z Downloading Chrome for Testing 153.0.8010.12 (playwright chromium v1243) from https://cdn.playwright.dev/builds/cft/153.0.8010.12/linux64/chrome-linux64.zip
2026-10-08T22:02:13.1958611Z |                                                                                |   0% of 186.8 MiB
2026-10-08T22:02:13.5415142Z |■■■■■■■■                                                                        |  10% of 186.8 MiB
2026-10-08T22:02:13.6246156Z |■■■■■■■■■■■■■■■■                                                                |  20% of 186.8 MiB
2026-10-08T22:02:13.6874847Z |■■■■■■■■■■■■■■■■■■■■■■■■                                                        |  30% of 186.8 MiB
2026-10-08T22:02:13.7451996Z |■■■■■■■■■■■■■■■■■■■■■■■■■■■■■■■■                                                |  40% of 186.8 MiB
2026-10-08T22:02:13.8021879Z |■■■■■■■■■■■■■■■■■■■■■■■■■■■■■■■■■■■■■■■■                                        |  50% of 186.8 MiB
2026-10-08T22:02:13.8700222Z |■■■■■■■■■■■■■■■■■■■■■■■■■■■■■■■■■■■■■■■■■■■■■■■■                                |  60% of 186.8 MiB
2026-10-08T22:02:13.9328618Z |■■■■■■■■■■■■■■■■■■■■■■■■■■■■■■■■■■■■■■■■■■■■■■■■■■■■■■■■                        |  70% of 186.8 MiB
2026-10-08T22:02:13.9882539Z |■■■■■■■■■■■■■■■■■■■■■■■■■■■■■■■■■■■■■■■■■■■■■■■■■■■■■■■■■■■■■■■■                |  80% of 186.8 MiB
2026-10-08T22:02:14.0517842Z |■■■■■■■■■■■■■■■■■■■■■■■■■■■■■■■■■■■■■■■■■■■■■■■■■■■■■■■■■■■■■■■■■■■■■■■■        |  90% of 186.8 MiB
2026-10-08T22:02:14.1133031Z |■■■■■■■■■■■■■■■■■■■■■■■■■■■■■■■■■■■■■■■■■■■■■■■■■■■■■■■■■■■■■■■■■■■■■■■■■■■■■■■■| 100% of 186.8 MiB
2026-10-08T22:02:16.7332230Z Chrome for Testing 153.0.8010.12 (playwright chromium v1243) downloaded to /home/runner/.cache/ms-playwright/chromium-1243
2026-10-08T22:02:16.7335612Z Downloading FFmpeg (playwright ffmpeg v1011) from https://cdn.playwright.dev/dbazure/download/playwright/builds/ffmpeg/1011/ffmpeg-linux.zip
2026-10-08T22:02:17.0873516Z |                                                                                |   0% of 2.3 MiB
2026-10-08T22:02:17.0921985Z |■■■■■■■■                                                                        |  10% of 2.3 MiB
2026-10-08T22:02:17.0954810Z |■■■■■■■■■■■■■■■■                                                                |  20% of 2.3 MiB
2026-10-08T22:02:17.0978363Z |■■■■■■■■■■■■■■■■■■■■■■■■                                                        |  30% of 2.3 MiB
2026-10-08T22:02:17.0997696Z |■■■■■■■■■■■■■■■■■■■■■■■■■■■■■■■■                                                |  40% of 2.3 MiB
2026-10-08T22:02:17.1010171Z |■■■■■■■■■■■■■■■■■■■■■■■■■■■■■■■■■■■■■■■■                                        |  50% of 2.3 MiB
2026-10-08T22:02:17.1032958Z |■■■■■■■■■■■■■■■■■■■■■■■■■■■■■■■■■■■■■■■■■■■■■■■■                                |  60% of 2.3 MiB
2026-10-08T22:02:17.1062894Z |■■■■■■■■■■■■■■■■■■■■■■■■■■■■■■■■■■■■■■■■■■■■■■■■■■■■■■■■                        |  70% of 2.3 MiB
2026-10-08T22:02:17.1083272Z |■■■■■■■■■■■■■■■■■■■■■■■■■■■■■■■■■■■■■■■■■■■■■■■■■■■■■■■■■■■■■■■■                |  80% of 2.3 MiB
2026-10-08T22:02:17.1113291Z |■■■■■■■■■■■■■■■■■■■■■■■■■■■■■■■■■■■■■■■■■■■■■■■■■■■■■■■■■■■■■■■■■■■■■■■■        |  90% of 2.3 MiB
2026-10-08T22:02:17.1114416Z |■■■■■■■■■■■■■■■■■■■■■■■■■■■■■■■■■■■■■■■■■■■■■■■■■■■■■■■■■■■■■■■■■■■■■■■■■■■■■■■■| 100% of 2.3 MiB
2026-10-08T22:02:17.1763833Z FFmpeg (playwright ffmpeg v1011) downloaded to /home/runner/.cache/ms-playwright/ffmpeg-1011
2026-10-08T22:02:17.1787077Z Downloading Chrome Headless Shell 153.0.8010.12 (playwright chromium-headless-shell v1243) from https://cdn.playwright.dev/builds/cft/153.0.8010.12/linux64/chrome-headless-shell-linux64.zip
2026-10-08T22:02:17.6180301Z |                                                                                |   0% of 114.3 MiB
2026-10-08T22:02:17.8739470Z |■■■■■■■■                                                                        |  10% of 114.3 MiB
2026-10-08T22:02:17.9282658Z |■■■■■■■■■■■■■■■■                                                                |  20% of 114.3 MiB
2026-10-08T22:02:17.9779272Z |■■■■■■■■■■■■■■■■■■■■■■■■                                                        |  30% of 114.3 MiB
2026-10-08T22:02:18.0167981Z |■■■■■■■■■■■■■■■■■■■■■■■■■■■■■■■■                                                |  40% of 114.3 MiB
2026-10-08T22:02:18.0554715Z |■■■■■■■■■■■■■■■■■■■■■■■■■■■■■■■■■■■■■■■■                                        |  50% of 114.3 MiB
2026-10-08T22:02:18.0935760Z |■■■■■■■■■■■■■■■■■■■■■■■■■■■■■■■■■■■■■■■■■■■■■■■■                                |  60% of 114.3 MiB
2026-10-08T22:02:18.1321171Z |■■■■■■■■■■■■■■■■■■■■■■■■■■■■■■■■■■■■■■■■■■■■■■■■■■■■■■■■                        |  70% of 114.3 MiB
2026-10-08T22:02:18.1743239Z |■■■■■■■■■■■■■■■■■■■■■■■■■■■■■■■■■■■■■■■■■■■■■■■■■■■■■■■■■■■■■■■■                |  80% of 114.3 MiB
2026-10-08T22:02:18.2124050Z |■■■■■■■■■■■■■■■■■■■■■■■■■■■■■■■■■■■■■■■■■■■■■■■■■■■■■■■■■■■■■■■■■■■■■■■■        |  90% of 114.3 MiB
2026-10-08T22:02:18.2529559Z |■■■■■■■■■■■■■■■■■■■■■■■■■■■■■■■■■■■■■■■■■■■■■■■■■■■■■■■■■■■■■■■■■■■■■■■■■■■■■■■■| 100% of 114.3 MiB
2026-10-08T22:02:20.0874849Z Chrome Headless Shell 153.0.8010.12 (playwright chromium-headless-shell v1243) downloaded to /home/runner/.cache/ms-playwright/chromium_headless_shell-1243
2026-10-08T22:02:20.1072498Z ##[group]Run node proofs/vector-reservation-prerequisites.mjs "$RUNNER_TEMP/vector-reservation-baseline/dist/shared.js" dist/shared.js "$RUNNER_TEMP/vector-reservation-results/build.json" "$RUNNER_TEMP/vector-reservation-results/prerequisites.json"
2026-10-08T22:02:20.1075501Z [36;1mnode proofs/vector-reservation-prerequisites.mjs "$RUNNER_TEMP/vector-reservation-baseline/dist/shared.js" dist/shared.js "$RUNNER_TEMP/vector-reservation-results/build.json" "$RUNNER_TEMP/vector-reservation-results/prerequisites.json"[0m
2026-10-08T22:02:20.1176313Z shell: /usr/bin/bash -e {0}
2026-10-08T22:02:20.1176752Z ##[endgroup]
2026-10-08T22:04:00.6849303Z ##[group]Run node proofs/vector-reservation-performance.mjs "$RUNNER_TEMP/vector-reservation-baseline/dist/shared.js" dist/shared.js "$RUNNER_TEMP/vector-reservation-results/node.json" "$RUNNER_TEMP/vector-reservation-results/build.json" "$RUNNER_TEMP/vector-reservation-results/prerequisites.json"
2026-10-08T22:04:00.6851363Z [36;1mnode proofs/vector-reservation-performance.mjs "$RUNNER_TEMP/vector-reservation-baseline/dist/shared.js" dist/shared.js "$RUNNER_TEMP/vector-reservation-results/node.json" "$RUNNER_TEMP/vector-reservation-results/build.json" "$RUNNER_TEMP/vector-reservation-results/prerequisites.json"[0m
2026-10-08T22:04:00.6919137Z shell: /usr/bin/bash -e {0}
2026-10-08T22:04:00.6919406Z ##[endgroup]
2026-10-08T22:04:19.5486392Z control/number/tail1/1/changed: within-margin
2026-10-08T22:04:40.8588817Z control/number/tail32/32/changed: within-margin
2026-10-08T22:05:01.2221242Z control/number/tree0/33/changed: inconclusive
2026-10-08T22:05:21.9497308Z control/number/tree1/65/changed: inconclusive
2026-10-08T22:05:43.5193354Z control/number/tree2/1057/changed: within-margin
2026-10-08T22:06:09.1811549Z control/number/tree3/32801/changed: within-margin
2026-10-08T22:06:29.0755522Z control/boolean/tail32/32/changed: within-margin
2026-10-08T22:06:51.2549308Z control/boolean/tree2/1057/changed: inconclusive
2026-10-08T22:07:12.8813179Z control/string/tail32/32/changed: within-margin
2026-10-08T22:07:34.8163694Z control/string/tree2/1057/changed: inconclusive
2026-10-08T22:07:55.2023517Z unchanged-control/number/tail1/1/same: inconclusive
2026-10-08T22:08:43.7135665Z target/number/tree3/32801/same: within-margin
2026-10-08T22:09:29.0289505Z target/boolean/tree1/65/same: within-margin
2026-10-08T22:09:49.8948414Z unchanged-control/string/tail32/32/same: within-margin
2026-10-08T22:10:13.4199264Z target/number/tree2/1057/half-same: within-margin
2026-10-08T22:10:44.2255165Z target/string/tree1/65/nine-tenths-same: within-margin
2026-10-08T22:10:45.2864458Z ##[group]Run bun proofs/vector-reservation-performance.mjs "$RUNNER_TEMP/vector-reservation-baseline/dist/shared.js" dist/shared.js "$RUNNER_TEMP/vector-reservation-results/bun.json" "$RUNNER_TEMP/vector-reservation-results/build.json" "$RUNNER_TEMP/vector-reservation-results/prerequisites.json"
2026-10-08T22:10:45.2866554Z [36;1mbun proofs/vector-reservation-performance.mjs "$RUNNER_TEMP/vector-reservation-baseline/dist/shared.js" dist/shared.js "$RUNNER_TEMP/vector-reservation-results/bun.json" "$RUNNER_TEMP/vector-reservation-results/build.json" "$RUNNER_TEMP/vector-reservation-results/prerequisites.json"[0m
2026-10-08T22:10:45.2936313Z shell: /usr/bin/bash -e {0}
2026-10-08T22:10:45.2936585Z ##[endgroup]
2026-10-08T22:11:01.0479800Z control/number/tail1/1/changed: inconclusive
2026-10-08T22:11:16.8148400Z control/number/tail32/32/changed: inconclusive
2026-10-08T22:11:33.0019008Z control/number/tree0/33/changed: within-margin
2026-10-08T22:11:49.5399519Z control/number/tree1/65/changed: within-margin
2026-10-08T22:12:06.7853545Z control/number/tree2/1057/changed: inconclusive
2026-10-08T22:12:25.0953151Z control/number/tree3/32801/changed: within-margin
2026-10-08T22:12:41.5323337Z control/boolean/tail32/32/changed: inconclusive
2026-10-08T22:12:58.4015974Z control/boolean/tree2/1057/changed: within-margin
2026-10-08T22:13:15.2776601Z control/string/tail32/32/changed: within-margin
2026-10-08T22:13:32.3958291Z control/string/tree2/1057/changed: inconclusive
2026-10-08T22:13:49.5799519Z unchanged-control/number/tail1/1/same: within-margin
2026-10-08T22:14:52.9747958Z target/number/tree3/32801/same: within-margin
2026-10-08T22:15:48.5708998Z target/boolean/tree1/65/same: within-margin
2026-10-08T22:16:05.6889465Z unchanged-control/string/tail32/32/same: within-margin
2026-10-08T22:16:28.8623919Z target/number/tree2/1057/half-same: within-margin
2026-10-08T22:17:05.6643495Z target/string/tree1/65/nine-tenths-same: within-margin
2026-10-08T22:17:06.2423121Z ##[group]Run mkdir -p "$RUNNER_TEMP/vector-reservation-results"
2026-10-08T22:17:06.2423652Z [36;1mmkdir -p "$RUNNER_TEMP/vector-reservation-results"[0m
2026-10-08T22:17:06.2424226Z [36;1mgit archive --format=tar HEAD > "$RUNNER_TEMP/vector-reservation-results/tested-source.tar"[0m
2026-10-08T22:17:06.2493545Z shell: /usr/bin/bash -e {0}
2026-10-08T22:17:06.2493823Z ##[endgroup]
2026-10-08T22:17:06.2940782Z ##[group]Run actions/upload-artifact@v4
2026-10-08T22:17:06.2941092Z with:
2026-10-08T22:17:06.2941432Z   name: vector-reservation-x64-0432589af7f62fe6d8411eeb97c6296fd32fe572
2026-10-08T22:17:06.2941921Z   path: /home/runner/work/_temp/vector-reservation-results/
2026-10-08T22:17:06.2942550Z   retention-days: 30
2026-10-08T22:17:06.2942788Z   if-no-files-found: error
2026-10-08T22:17:06.2943042Z   compression-level: 6
2026-10-08T22:17:06.2943269Z   overwrite: false
2026-10-08T22:17:06.2943505Z   include-hidden-files: false
2026-10-08T22:17:06.2943759Z ##[endgroup]
2026-10-08T22:17:06.4716189Z (node:19777) [DEP0040] DeprecationWarning: The `punycode` module is deprecated. Please use a userland alternative instead.
2026-10-08T22:17:06.4717780Z (Use `node --trace-deprecation ...` to show where the warning was created)
2026-10-08T22:17:06.5364680Z With the provided path, there will be 368 files uploaded
2026-10-08T22:17:06.5365788Z Artifact name is valid!
2026-10-08T22:17:06.5366356Z Root directory input is valid!
2026-10-08T22:17:06.5391779Z ##[error]The path for one of the files in artifact is not valid: /logs/03-typecheck:redux.log. Contains the following character:  Colon :
          
Invalid characters include:  Double quote ", Colon :, Less than <, Greater than >, Vertical bar |, Asterisk *, Question mark ?, Carriage return \r, Line feed \n
          
The following characters are not allowed in files that are uploaded due to limitations with certain file systems such as NTFS. To maintain file system agnostic behavior, these characters are intentionally not allowed to prevent potential problems with downloads on different file systems.
          
2026-10-08T22:17:06.5637696Z Post job cleanup.
2026-10-08T22:17:06.6536419Z [command]/usr/bin/git version
2026-10-08T22:17:06.6583031Z git version 2.55.0
2026-10-08T22:17:06.6621329Z Temporarily overriding HOME='/home/runner/work/_temp/3abba022-bbd7-471c-9a8e-2d4e2d07185f' before making global git config changes
2026-10-08T22:17:06.6623016Z Adding repository directory to the temporary git global config as a safe directory
2026-10-08T22:17:06.6627220Z [command]/usr/bin/git config --global --add safe.directory /home/runner/work/zerocopy/zerocopy
2026-10-08T22:17:06.6672564Z [command]/usr/bin/git config --local --name-only --get-regexp core\.sshCommand
2026-10-08T22:17:06.6712293Z [command]/usr/bin/git submodule foreach --recursive sh -c "git config --local --name-only --get-regexp 'core\.sshCommand' && git config --local --unset-all 'core.sshCommand' || :"
2026-10-08T22:17:06.6997129Z [command]/usr/bin/git config --local --name-only --get-regexp http\.https\:\/\/github\.com\/\.extraheader
2026-10-08T22:17:06.7024932Z [command]/usr/bin/git submodule foreach --recursive sh -c "git config --local --name-only --get-regexp 'http\.https\:\/\/github\.com\/\.extraheader' && git config --local --unset-all 'http.https://github.com/.extraheader' || :"
2026-10-08T22:17:06.7310625Z [command]/usr/bin/git config --local --name-only --get-regexp ^includeIf\.gitdir:
2026-10-08T22:17:06.7352982Z [command]/usr/bin/git submodule foreach --recursive git config --local --show-origin --name-only --get-regexp remote.origin.url
2026-10-08T22:17:06.7840680Z Cleaning up orphan processes
2026-10-08T22:17:06.8162566Z ##[warning]Node.js 20 is deprecated. The following actions target Node.js 20 but are being forced to run on Node.js 24: actions/checkout@v4, actions/setup-node@v4, actions/upload-artifact@v4. For more information see: https://github.blog/changelog/2025-09-19-deprecation-of-node-20-on-github-actions-runners/
